new[] {
    null,
    new {
        A = 3,
        B = new[] {1, 2, 3, ...},
    ...,
}