() => string.Join("##", Enumerable.Range(0, 100)) + "suffix"
Enumerable.Range(0, 100)
     →   { 0, 1, 2, 3, 4, 5, 6, 7, 8, 9, 10, 11, 12, 13, 14, ... }
string.Join("##", Enumerable.Range(0, 100))
     →   "0##1##2##3##4##5##6##7##8##9##10##11##12##13##14##15##16##17##18##19##20##21##2 ...
string.Join("##", Enumerable.Range(0, 100)) + "suffix"
     →   "0##1##2##3##4##5##6##7##8##9##10##11##12##13##14##15##16##17##18##19##20##21##2 ...
