() => a + b
a + b   →   7
    b   →   5
    a   →   2
