assertion failed

new { A_wall_of_text = wallOfText, A_short_string = "short", A_long_enumerable = Enumerable.Range(0, 1000) }
   →   @"line 0:          20;       30;       40;       50;       60;       70;       80;       90;      100;      110;      120;      130;      140;      1 ...
          line 1:          20;       30;       40;       50;       60;       70;       80;       90;      100;      110;      120;      130;      140;      150 ...
          line 2:          20;       30;       40;       50;       60;       70;       80;       90;      100;      110;      120;      130;      140;      150 ...
          line 3:          20;       30;       40;       50;       60;       70;       80;       90;      100;      110;      120;      130;      140;      150 ...
          line 4:          20;       30;       40;       50;       60;       70;       80;       90;      100;      110;      120;      130;      140;      150 ...
          line 5:          20;       30;       40;       50;       60;       70;       80;       90;      100;      110;      120;      130;      140;      150 ...
          line 6:          20;       30;       40;       50;       60;       70;       80;       90;      100;      110;      120;      130;      140;      150 ...
          line 7:          20;       30;       40;       50;       60;       70;       80;       90;      100;      110;      120;      130;      140;      150 ...
          line 8:          20;       30;       40;       50;       60;       70;       80;       90;      100;      110;      120;      130;      140;      150 ...
          line 9:          20;       30;       40;       50;       60;       70;       80;       90;      100;      110;      120;      130;      140;      150 ...
          line 10:         20;       30;       40;       50;       60;       70;       80;       90;      100;      110;      120;      130;      140;      150 ...
          line 11:         20;       30;       40;       50;       60;       70;       80;       90;      100;      110;      120;      130;      140;      150 ...
          line 12:         20;       30;       40;       50;       60;       70;       80;       90;      100;      110;      120;      130;      140;      150 ...
          line 13:         20;       30;       40;       50;       60;       70;       80;       90;      100;      110;      120;      130;      140;      150 ...
          line 14:         20;       30;       40;       50;       60;       70;       80;       90;      100;      110;      120;      130;      140;      150 ...
          line 15:         20;       30;       40;       50;       60;       70;       80;       90;      100;      110;      120;      130;      140;      150 ...
          line 16:         20;       30;       40;       50;       60;       70;       80;       90;      100;      110;      120;      130;      140;      150 ...
          line 17:         20;       30;       40;       50;       60;       70;       80;       90;      100;      110;      120;      130;      140;      150 ...
          line 18:         20;       30;       40;       50;       60;       70;       80;       90;      100;      110;      120;      130;      140;      150 ...
          line 19:         20;       30;       40;       50;       60;       70;       80;       90;      100;      110;      120;      130;      140;      150 ...
          line 20:         20;       30;       40;       50;       60;       70;       80;       90;      100;      110;      120;      130;      140;      150 ...
          line 21:         20;       30;       40;       50;       60;       70;       80;       90;      100;      110;      120;      130;      140;      150 ...
          line 22:         20;       30;       40;       50;       60;       70;       80;       90;      100;      110;      120;      130;      140;      150 ...
          line 23:         20;       30;       40;       50;       60;       70;       80;       90;      100;      110;      120;      130;      140;      150 ...
          line 24:         20;       30;       40;       50;       60;       70;       80;       90;      100;      110;      120;      130;      140;      150 ...
          line 25:         20;       30;       40;       50;       60;       70;       80;       90;      100;      110;      120;      130;      140;      150 ...
          line 26:         20;       30;       40;       50;       60;       70;       80;       90;      100;      110;      120;      130;      140;      150 ...
          line 27:         20;       30;       40;       50;       60;       70;       80;       90;      100;      110;      120;      130;      140;      150 ...
          line 28:         20;       30;       40;       50;       60;       70;       80;       90;      100;      110;      120;      130;      140;      150 ...
          line 29:         20;       30;       40;       50;       60;       70;       80;       90;      100;      110;      120;      130;      140;      150 ...
          ... (caused assertion failure)

wallOfText
     →   @"line 0:          20;       30;       40;       50;       60;       70;       80;       90;      100;      110;      120;      130;      140;      1 ...
          line 1:          20;       30;       40;       50;       60;       70;       80;       90;      100;      110;      120;      130;      140;      150 ...
          line 2:          20;       30;       40;       50;       60;       70;       80;       90;      100;      110;      120;      130;      140;      150 ...
          line 3:          20;       30;       40;       50;       60;       70;       80;       90;      100;      110;      120;      130;      140;      150 ...
          line 4:          20;       30;       40;       50;       60;       70;       80;       90;      100;      110;      120;      130;      140;      150 ...
          line 5:          20;       30;       40;       50;       60;       70;       80;       90;      100;      110;      120;      130;      140;      150 ...
          line 6:          20;       30;       40;       50;       60;       70;       80;       90;      100;      110;      120;      130;      140;      150 ...
          line 7:          20;       30;       40;       50;       60;       70;       80;       90;      100;      110;      120;      130;      140;      150 ...
          line 8:          20;       30;       40;       50;       60;       70;       80;       90;      100;      110;      120;      130;      140;      150 ...
          line 9:          20;       30;       40;       50;       60;       70;       80;       90;      100;      110;      120;      130;      140;      150 ...
          line 10:         20;       30;       40;       50;       60;       70;       80;       90;      100;      110;      120;      130;      140;      150 ...
          line 11:         20;       30;       40;       50;       60;       70;       80;       90;      100;      110;      120;      130;      140;      150 ...
          line 12:         20;       30;       40;       50;       60;       70;       80;       90;      100;      110;      120;      130;      140;      150 ...
          line 13:         20;       30;       40;       50;       60;       70;       80;       90;      100;      110;      120;      130;      140;      150 ...
          line 14:         20;       30;       40;       50;       60;       70;       80;       90;      100;      110;      120;      130;      140;      150 ...
          line 15:         20;       30;       40;       50;       60;       70;       80;       90;      100;      110;      120;      130;      140;      150 ...
          line 16:         20;       30;       40;       50;       60;       70;       80;       90;      100;      110;      120;      130;      140;      150 ...
          line 17:         20;       30;       40;       50;       60;       70;       80;       90;      100;      110;      120;      130;      140;      150 ...
          line 18:         20;       30;       40;       50;       60;       70;       80;       90;      100;      110;      120;      130;      140;      150 ...
          line 19:         20;       30;       40;       50;       60;       70;       80;       90;      100;      110;      120;      130;      140;      150 ...
          line 20:         20;       30;       40;       50;       60;       70;       80;       90;      100;      110;      120;      130;      140;      150 ...
          line 21:         20;       30;       40;       50;       60;       70;       80;       90;      100;      110;      120;      130;      140;      150 ...
          line 22:         20;       30;       40;       50;       60;       70;       80;       90;      100;      110;      120;      130;      140;      150 ...
          line 23:         20;       30;       40;       50;       60;       70;       80;       90;      100;      110;      120;      130;      140;      150 ...
          line 24:         20;       30;       40;       50;       60;       70;       80;       90;      100;      110;      120;      130;      140;      150 ...
          line 25:         20;       30;       40;       50;       60;       70;       80;       90;      100;      110;      120;      130;      140;      150 ...
          line 26:         20;       30;       40;       50;       60;       70;       80;       90;      100;      110;      120;      130;      140;      150 ...
          line 27:         20;       30;       40;       50;       60;       70;       80;       90;      100;      110;      120;      130;      140;      150 ...
          line 28:         20;       30;       40;       50;       60;       70;       80;       90;      100;      110;      120;      130;      140;      150 ...
          line 29:         20;       30;       40;       50;       60;       70;       80;       90;      100;      110;      120;      130;      140;      150 ...
          ...

Enumerable.Range(0, 1000)
     →   { 0, 1, 2, 3, 4, 5, 6, 7, 8, 9, 10, 11, 12, 13, 14, 15, 16, 17, 18, 19, 20, 21, 22, 23, 24, 25, 26, 27, 28, 29, ... }

