() => list.Select(e => e + 1).Count() == 5
list
     →   {1, 2, 3, 3, 2, 1}
list.Select(e => e + 1)
     →   {2, 3, 4, 4, 3, 2}
list.Select(e => e + 1).Count()
     →   6
list.Select(e => e + 1).Count() == 5
     →   false
