nums[a + b] < 7  :  assertion failed
  │ ││ │ │
  │ ││ │ 5
  │ ││ 7
  │ │2
  │ 17
  new[] { 10, 11, 12, 13, 14, 15, 16, 17, 18, 19 }
