a < b && (c > -a || c > b) && b < 10  :  assertion failed
│ │ │  │  │ │ ││  │ │ │ │     │ │
│ │ │  │  │ │ ││  │ │ │ │     │ true
│ │ │  │  │ │ ││  │ │ │ │     5
│ │ │  │  │ │ ││  │ │ │ 5
│ │ │  │  │ │ ││  │ │ false
│ │ │  │  │ │ ││  │ 3.45
│ │ │  │  │ │ ││  true
│ │ │  │  │ │ │2
│ │ │  │  │ │ -2
│ │ │  │  │ true
│ │ │  │  3.45
│ │ │  true
│ │ 5
│ true
2
