a < b && nums[a + b] < 7 && b < 10  :  assertion failed
│ │ │  │   │ ││ │ │  │      │ │
│ │ │  │   │ ││ │ │  │      │ true
│ │ │  │   │ ││ │ │  │      5
│ │ │  │   │ ││ │ │  false
│ │ │  │   │ ││ │ 5
│ │ │  │   │ ││ 7
│ │ │  │   │ │2
│ │ │  │   │ 17
│ │ │  │   new[] { 10, 11, 12, 13, 14, 15, 16, 17, 18, 19 }
│ │ │  false
│ │ 5
│ true
2
